[INFO] Scanning for projects...
[INFO] 
[INFO] ----------------------< com.example:StreetLeague >----------------------
[INFO] Building StreetLeague 0.0.1-SNAPSHOT
[INFO]   from pom.xml
[INFO] --------------------------------[ jar ]---------------------------------
[INFO] 
[INFO] --- clean:3.3.2:clean (default-clean) @ StreetLeague ---
[INFO] Deleting C:\Users\rania\Esprit-PIDEV_SE-4SE1-2526-StreetLeague\StreetLeague\target
[INFO] 
[INFO] --- resources:3.3.1:resources (default-resources) @ StreetLeague ---
[INFO] Copying 1 resource from src\main\resources to target\classes
[INFO] Copying 0 resource from src\main\resources to target\classes
[INFO] 
[INFO] --- compiler:3.8.0:compile (default-compile) @ StreetLeague ---
[INFO] Changes detected - recompiling the module!
[INFO] Compiling 83 source files to C:\Users\rania\Esprit-PIDEV_SE-4SE1-2526-StreetLeague\StreetLeague\target\classes
[INFO] -------------------------------------------------------------
[ERROR] COMPILATION ERROR : 
[INFO] -------------------------------------------------------------
[ERROR] /C:/Users/rania/Esprit-PIDEV_SE-4SE1-2526-StreetLeague/StreetLeague/src/main/java/com/example/streetleague/ServiceImp/CoachTravelServiceImpl.java:[40,43] variable travelRequestRepository not initialized in the default constructor
[ERROR] /C:/Users/rania/Esprit-PIDEV_SE-4SE1-2526-StreetLeague/StreetLeague/src/main/java/com/example/streetleague/ServiceImp/CoachTravelServiceImpl.java:[41,34] variable teamRepository not initialized in the default constructor
[ERROR] /C:/Users/rania/Esprit-PIDEV_SE-4SE1-2526-StreetLeague/StreetLeague/src/main/java/com/example/streetleague/ServiceImp/CoachTravelServiceImpl.java:[42,40] variable tournamentRepository not initialized in the default constructor
[ERROR] /C:/Users/rania/Esprit-PIDEV_SE-4SE1-2526-StreetLeague/StreetLeague/src/main/java/com/example/streetleague/ServiceImp/CoachTravelServiceImpl.java:[43,39] variable transportRepository not initialized in the default constructor
[ERROR] /C:/Users/rania/Esprit-PIDEV_SE-4SE1-2526-StreetLeague/StreetLeague/src/main/java/com/example/streetleague/ServiceImp/CoachTravelServiceImpl.java:[44,43] variable accommodationRepository not initialized in the default constructor
[ERROR] /C:/Users/rania/Esprit-PIDEV_SE-4SE1-2526-StreetLeague/StreetLeague/src/main/java/com/example/streetleague/ServiceImp/CoachTravelServiceImpl.java:[45,50] variable accommodationRequestRepository not initialized in the default constructor
[ERROR] /C:/Users/rania/Esprit-PIDEV_SE-4SE1-2526-StreetLeague/StreetLeague/src/main/java/com/example/streetleague/ServiceImp/CoachTravelServiceImpl.java:[46,34] variable userRepository not initialized in the default constructor
[ERROR] /C:/Users/rania/Esprit-PIDEV_SE-4SE1-2526-StreetLeague/StreetLeague/src/main/java/com/example/streetleague/security/SecurityConfig.java:[130,33] constructor OAuth2AuthSuccessHandler in class com.example.streetleague.security.OAuth2AuthSuccessHandler cannot be applied to given types;
  required: no arguments
  found:    com.example.streetleague.Repository.UserRepository,com.example.streetleague.security.jwt.JwtService
  reason: actual and formal argument lists differ in length
[INFO] 8 errors 
[INFO] -------------------------------------------------------------
[INFO] ------------------------------------------------------------------------
[INFO] BUILD FAILURE
[INFO] ------------------------------------------------------------------------
[INFO] Total time:  2.847 s
[INFO] Finished at: 2026-03-29T19:58:49+01:00
[INFO] ------------------------------------------------------------------------
[ERROR] Failed to execute goal org.apache.maven.plugins:maven-compiler-plugin:3.8.0:compile (default-compile) on project StreetLeague: Compilation failure: Compilation failure: 
[ERROR] /C:/Users/rania/Esprit-PIDEV_SE-4SE1-2526-StreetLeague/StreetLeague/src/main/java/com/example/streetleague/ServiceImp/CoachTravelServiceImpl.java:[40,43] variable travelRequestRepository not initialized in the default constructor
[ERROR] /C:/Users/rania/Esprit-PIDEV_SE-4SE1-2526-StreetLeague/StreetLeague/src/main/java/com/example/streetleague/ServiceImp/CoachTravelServiceImpl.java:[41,34] variable teamRepository not initialized in the default constructor
[ERROR] /C:/Users/rania/Esprit-PIDEV_SE-4SE1-2526-StreetLeague/StreetLeague/src/main/java/com/example/streetleague/ServiceImp/CoachTravelServiceImpl.java:[42,40] variable tournamentRepository not initialized in the default constructor
[ERROR] /C:/Users/rania/Esprit-PIDEV_SE-4SE1-2526-StreetLeague/StreetLeague/src/main/java/com/example/streetleague/ServiceImp/CoachTravelServiceImpl.java:[43,39] variable transportRepository not initialized in the default constructor
[ERROR] /C:/Users/rania/Esprit-PIDEV_SE-4SE1-2526-StreetLeague/StreetLeague/src/main/java/com/example/streetleague/ServiceImp/CoachTravelServiceImpl.java:[44,43] variable accommodationRepository not initialized in the default constructor
[ERROR] /C:/Users/rania/Esprit-PIDEV_SE-4SE1-2526-StreetLeague/StreetLeague/src/main/java/com/example/streetleague/ServiceImp/CoachTravelServiceImpl.java:[45,50] variable accommodationRequestRepository not initialized in the default constructor
[ERROR] /C:/Users/rania/Esprit-PIDEV_SE-4SE1-2526-StreetLeague/StreetLeague/src/main/java/com/example/streetleague/ServiceImp/CoachTravelServiceImpl.java:[46,34] variable userRepository not initialized in the default constructor
[ERROR] /C:/Users/rania/Esprit-PIDEV_SE-4SE1-2526-StreetLeague/StreetLeague/src/main/java/com/example/streetleague/security/SecurityConfig.java:[130,33] constructor OAuth2AuthSuccessHandler in class com.example.streetleague.security.OAuth2AuthSuccessHandler cannot be applied to given types;
[ERROR]   required: no arguments
[ERROR]   found:    com.example.streetleague.Repository.UserRepository,com.example.streetleague.security.jwt.JwtService
[ERROR]   reason: actual and formal argument lists differ in length
[ERROR] -> [Help 1]
[ERROR] 
[ERROR] To see the full stack trace of the errors, re-run Maven with the -e switch.
[ERROR] Re-run Maven using the -X switch to enable full debug logging.
[ERROR] 
[ERROR] For more information about the errors and possible solutions, please read the following articles:
[ERROR] [Help 1] http://cwiki.apache.org/confluence/display/MAVEN/MojoFailureException
